2026-05-09 11:24:23,230 - aqt.main - INFO - installer 140037196980736 aqtinstall(aqt) v3.3.0 on Python 3.13.12 [CPython GCC 15.2.0]
2026-05-09 11:24:23,230 - aqt.helper - DEBUG - helper 140037196980736 Attempt to download checksum at https://download.qt.io/online/qtsdkrepository/windows_x86/desktop/qt6_6102/qt6_6102/Updates.xml.sha256
2026-05-09 11:24:27,155 - aqt.helper - DEBUG - helper 140037196980736 Attempt to download checksum at https://download.qt.io/online/qtsdkrepository/windows_x86/extensions/qtwebengine/6102/mingw/Updates.xml.sha256
2026-05-09 11:24:29,009 - aqt.helper - DEBUG - helper 140037196980736 Attempt to download checksum at https://download.qt.io/online/qtsdkrepository/windows_x86/extensions/qtwebengine/6102/mingw/Updates.xml.sha256
2026-05-09 11:24:31,366 - aqt.helper - DEBUG - helper 140037196980736 Attempt to download checksum at https://download.qt.io/online/qtsdkrepository/windows_x86/extensions/qtwebengine/6102/mingw/Updates.xml.sha256
2026-05-09 11:24:33,208 - aqt.helper - DEBUG - helper 140037196980736 Attempt to download checksum at https://download.qt.io/online/qtsdkrepository/windows_x86/extensions/qtwebengine/6102/mingw/Updates.xml.sha256
2026-05-09 11:24:35,395 - aqt.helper - DEBUG - helper 140037196980736 Attempt to download checksum at https://download.qt.io/online/qtsdkrepository/windows_x86/extensions/qtwebengine/6102/mingw/Updates.xml.sha256
2026-05-09 11:24:37,219 - aqt.helper - DEBUG - helper 140037196980736 Attempt to download checksum at https://download.qt.io/online/qtsdkrepository/windows_x86/extensions/qtpdf/6102/mingw/Updates.xml.sha256
2026-05-09 11:24:41,504 - aqt.archives - INFO - archives 140037196980736 Found extension qtpdf
2026-05-09 11:24:41,799 - aqt.helper - DEBUG - helper 140027164889600 Attempt to download checksum at https://download.qt.io/online/qtsdkrepository/windows_x86/desktop/qt6_6102/qt6_6102/qt.qt6.6102.win64_mingw/6.10.2-0-202601261212qtbase-Windows-Windows_11_24H2-Mingw-Windows-Windows_11_24H2-X86_64.7z.sha256
2026-05-09 11:24:41,802 - aqt.helper - DEBUG - helper 140027318653440 Attempt to download checksum at https://download.qt.io/online/qtsdkrepository/windows_x86/desktop/qt6_6102/qt6_6102/qt.qt6.6102.win64_mingw/6.10.2-0-202601261212qtsvg-Windows-Windows_11_24H2-Mingw-Windows-Windows_11_24H2-X86_64.7z.sha256
2026-05-09 11:24:41,810 - aqt.helper - DEBUG - helper 140287199949312 Attempt to download checksum at https://download.qt.io/online/qtsdkrepository/windows_x86/desktop/qt6_6102/qt6_6102/qt.qt6.6102.win64_mingw/6.10.2-0-202601261212qtdeclarative-Windows-Windows_11_24H2-Mingw-Windows-Windows_11_24H2-X86_64.7z.sha256
2026-05-09 11:24:41,811 - aqt.helper - DEBUG - helper 139911837778432 Attempt to download checksum at https://download.qt.io/online/qtsdkrepository/windows_x86/desktop/qt6_6102/qt6_6102/qt.qt6.6102.win64_mingw/6.10.2-0-202601261212qttools-Windows-Windows_11_24H2-Mingw-Windows-Windows_11_24H2-X86_64.7z.sha256
2026-05-09 11:24:43,653 - aqt.helper - INFO - helper 139911837778432 Downloading qttools...
2026-05-09 11:24:43,653 - aqt.helper - INFO - helper 140027164889600 Downloading qtbase...
2026-05-09 11:24:43,653 - aqt.helper - INFO - helper 140287199949312 Downloading qtdeclarative...
2026-05-09 11:24:43,653 - aqt.helper - INFO - helper 140027318653440 Downloading qtsvg...
2026-05-09 11:24:43,654 - aqt.installer - DEBUG - installer 140027164889600 Download URL: https://download.qt.io/online/qtsdkrepository/windows_x86/desktop/qt6_6102/qt6_6102/qt.qt6.6102.win64_mingw/6.10.2-0-202601261212qtbase-Windows-Windows_11_24H2-Mingw-Windows-Windows_11_24H2-X86_64.7z
2026-05-09 11:24:43,654 - aqt.installer - DEBUG - installer 140287199949312 Download URL: https://download.qt.io/online/qtsdkrepository/windows_x86/desktop/qt6_6102/qt6_6102/qt.qt6.6102.win64_mingw/6.10.2-0-202601261212qtdeclarative-Windows-Windows_11_24H2-Mingw-Windows-Windows_11_24H2-X86_64.7z
2026-05-09 11:24:43,654 - aqt.installer - DEBUG - installer 139911837778432 Download URL: https://download.qt.io/online/qtsdkrepository/windows_x86/desktop/qt6_6102/qt6_6102/qt.qt6.6102.win64_mingw/6.10.2-0-202601261212qttools-Windows-Windows_11_24H2-Mingw-Windows-Windows_11_24H2-X86_64.7z
2026-05-09 11:24:43,654 - aqt.installer - DEBUG - installer 140027318653440 Download URL: https://download.qt.io/online/qtsdkrepository/windows_x86/desktop/qt6_6102/qt6_6102/qt.qt6.6102.win64_mingw/6.10.2-0-202601261212qtsvg-Windows-Windows_11_24H2-Mingw-Windows-Windows_11_24H2-X86_64.7z
2026-05-09 11:24:45,508 - aqt.helper - DEBUG - helper 140287199949312 Asked to redirect(302) to: https://qt.mirror.constant.com/online/qtsdkrepository/windows_x86/desktop/qt6_6102/qt6_6102/qt.qt6.6102.win64_mingw/6.10.2-0-202601261212qtdeclarative-Windows-Windows_11_24H2-Mingw-Windows-Windows_11_24H2-X86_64.7z
2026-05-09 11:24:45,508 - aqt.helper - INFO - helper 140287199949312 Redirected: qt.mirror.constant.com
2026-05-09 11:24:45,513 - aqt.helper - DEBUG - helper 139911837778432 Asked to redirect(302) to: https://qt.mirror.constant.com/online/qtsdkrepository/windows_x86/desktop/qt6_6102/qt6_6102/qt.qt6.6102.win64_mingw/6.10.2-0-202601261212qttools-Windows-Windows_11_24H2-Mingw-Windows-Windows_11_24H2-X86_64.7z
2026-05-09 11:24:45,513 - aqt.helper - INFO - helper 139911837778432 Redirected: qt.mirror.constant.com
2026-05-09 11:24:45,524 - aqt.helper - DEBUG - helper 140027318653440 Asked to redirect(302) to: https://qt.mirror.constant.com/online/qtsdkrepository/windows_x86/desktop/qt6_6102/qt6_6102/qt.qt6.6102.win64_mingw/6.10.2-0-202601261212qtsvg-Windows-Windows_11_24H2-Mingw-Windows-Windows_11_24H2-X86_64.7z
2026-05-09 11:24:45,525 - aqt.helper - INFO - helper 140027318653440 Redirected: qt.mirror.constant.com
2026-05-09 11:24:45,547 - aqt.helper - DEBUG - helper 140027164889600 Asked to redirect(302) to: https://qt.mirror.constant.com/online/qtsdkrepository/windows_x86/desktop/qt6_6102/qt6_6102/qt.qt6.6102.win64_mingw/6.10.2-0-202601261212qtbase-Windows-Windows_11_24H2-Mingw-Windows-Windows_11_24H2-X86_64.7z
2026-05-09 11:24:45,547 - aqt.helper - INFO - helper 140027164889600 Redirected: qt.mirror.constant.com
2026-05-09 11:24:47,999 - aqt.installer - INFO - installer 140027318653440 Finished installation of qtsvg-Windows-Windows_11_24H2-Mingw-Windows-Windows_11_24H2-X86_64.7z in 6.19916096
2026-05-09 11:24:48,017 - aqt.helper - DEBUG - helper 140027318653440 Attempt to download checksum at https://download.qt.io/online/qtsdkrepository/windows_x86/desktop/qt6_6102/qt6_6102/qt.qt6.6102.win64_mingw/6.10.2-0-202601261212qttranslations-Windows-Windows_11_24H2-Mingw-Windows-Windows_11_24H2-X86_64.7z.sha256
2026-05-09 11:24:50,597 - aqt.helper - INFO - helper 140027318653440 Downloading qttranslations...
2026-05-09 11:24:50,598 - aqt.installer - DEBUG - installer 140027318653440 Download URL: https://download.qt.io/online/qtsdkrepository/windows_x86/desktop/qt6_6102/qt6_6102/qt.qt6.6102.win64_mingw/6.10.2-0-202601261212qttranslations-Windows-Windows_11_24H2-Mingw-Windows-Windows_11_24H2-X86_64.7z
2026-05-09 11:24:53,476 - aqt.helper - DEBUG - helper 140027318653440 Asked to redirect(302) to: https://qt.mirror.constant.com/online/qtsdkrepository/windows_x86/desktop/qt6_6102/qt6_6102/qt.qt6.6102.win64_mingw/6.10.2-0-202601261212qttranslations-Windows-Windows_11_24H2-Mingw-Windows-Windows_11_24H2-X86_64.7z
2026-05-09 11:24:53,476 - aqt.helper - INFO - helper 140027318653440 Redirected: qt.mirror.constant.com
2026-05-09 11:24:53,557 - aqt.installer - INFO - installer 140027164889600 Finished installation of qtbase-Windows-Windows_11_24H2-Mingw-Windows-Windows_11_24H2-X86_64.7z in 11.76115230
2026-05-09 11:24:53,578 - aqt.helper - DEBUG - helper 140027164889600 Attempt to download checksum at https://download.qt.io/online/qtsdkrepository/windows_x86/desktop/qt6_6102/qt6_6102/qt.qt6.6102.win64_mingw/6.10.2-0-202601261212MinGW-w64-x86_64-13.1.0-release-posix-seh-msvcrt-rt_v11-rev1-runtime.7z.sha256
2026-05-09 11:24:54,010 - aqt.installer - INFO - installer 139911837778432 Finished installation of qttools-Windows-Windows_11_24H2-Mingw-Windows-Windows_11_24H2-X86_64.7z in 12.20193044
2026-05-09 11:24:54,025 - aqt.helper - DEBUG - helper 139911837778432 Attempt to download checksum at https://download.qt.io/online/qtsdkrepository/windows_x86/desktop/qt6_6102/qt6_6102/qt.qt6.6102.win64_mingw/6.10.2-0-202601261212d3dcompiler_47-x64.7z.sha256
2026-05-09 11:24:55,373 - aqt.helper - INFO - helper 140027164889600 Downloading MinGW...
2026-05-09 11:24:55,374 - aqt.installer - DEBUG - installer 140027164889600 Download URL: https://download.qt.io/online/qtsdkrepository/windows_x86/desktop/qt6_6102/qt6_6102/qt.qt6.6102.win64_mingw/6.10.2-0-202601261212MinGW-w64-x86_64-13.1.0-release-posix-seh-msvcrt-rt_v11-rev1-runtime.7z
2026-05-09 11:24:55,820 - aqt.helper - INFO - helper 139911837778432 Downloading d3dcompiler_47...
2026-05-09 11:24:55,821 - aqt.installer - DEBUG - installer 139911837778432 Download URL: https://download.qt.io/online/qtsdkrepository/windows_x86/desktop/qt6_6102/qt6_6102/qt.qt6.6102.win64_mingw/6.10.2-0-202601261212d3dcompiler_47-x64.7z
2026-05-09 11:24:56,355 - aqt.installer - INFO - installer 140027318653440 Finished installation of qttranslations-Windows-Windows_11_24H2-Mingw-Windows-Windows_11_24H2-X86_64.7z in 8.34003222
2026-05-09 11:24:56,370 - aqt.helper - DEBUG - helper 140027318653440 Attempt to download checksum at https://download.qt.io/online/qtsdkrepository/windows_x86/desktop/qt6_6102/qt6_6102/qt.qt6.6102.win64_mingw/6.10.2-0-202601261212opengl32sw-64-mesa_11_2_2-signed_sha256.7z.sha256
2026-05-09 11:24:57,112 - aqt.helper - DEBUG - helper 140027164889600 Asked to redirect(302) to: https://qt.mirror.constant.com/online/qtsdkrepository/windows_x86/desktop/qt6_6102/qt6_6102/qt.qt6.6102.win64_mingw/6.10.2-0-202601261212MinGW-w64-x86_64-13.1.0-release-posix-seh-msvcrt-rt_v11-rev1-runtime.7z
2026-05-09 11:24:57,112 - aqt.helper - INFO - helper 140027164889600 Redirected: qt.mirror.constant.com
2026-05-09 11:24:57,551 - aqt.helper - DEBUG - helper 139911837778432 Asked to redirect(302) to: https://qt.mirror.constant.com/online/qtsdkrepository/windows_x86/desktop/qt6_6102/qt6_6102/qt.qt6.6102.win64_mingw/6.10.2-0-202601261212d3dcompiler_47-x64.7z
2026-05-09 11:24:57,552 - aqt.helper - INFO - helper 139911837778432 Redirected: qt.mirror.constant.com
2026-05-09 11:24:58,290 - aqt.helper - INFO - helper 140027318653440 Downloading opengl32sw...
2026-05-09 11:24:58,290 - aqt.installer - DEBUG - installer 140027318653440 Download URL: https://download.qt.io/online/qtsdkrepository/windows_x86/desktop/qt6_6102/qt6_6102/qt.qt6.6102.win64_mingw/6.10.2-0-202601261212opengl32sw-64-mesa_11_2_2-signed_sha256.7z
2026-05-09 11:24:59,583 - aqt.installer - INFO - installer 140027164889600 Finished installation of MinGW-w64-x86_64-13.1.0-release-posix-seh-msvcrt-rt_v11-rev1-runtime.7z in 6.00694131
2026-05-09 11:25:00,130 - aqt.helper - DEBUG - helper 140027318653440 Asked to redirect(302) to: https://qt.mirror.constant.com/online/qtsdkrepository/windows_x86/desktop/qt6_6102/qt6_6102/qt.qt6.6102.win64_mingw/6.10.2-0-202601261212opengl32sw-64-mesa_11_2_2-signed_sha256.7z
2026-05-09 11:25:00,130 - aqt.helper - INFO - helper 140027318653440 Redirected: qt.mirror.constant.com
2026-05-09 11:25:00,364 - aqt.installer - INFO - installer 139911837778432 Finished installation of d3dcompiler_47-x64.7z in 6.34093190
2026-05-09 11:25:03,435 - aqt.installer - INFO - installer 140027318653440 Finished installation of opengl32sw-64-mesa_11_2_2-signed_sha256.7z in 7.06635694
2026-05-09 11:25:05,001 - aqt.installer - INFO - installer 140287199949312 Finished installation of qtdeclarative-Windows-Windows_11_24H2-Mingw-Windows-Windows_11_24H2-X86_64.7z in 23.19337593
2026-05-09 11:25:05,105 - aqt.updater - INFO - updater 140037196980736 Patching /home/grcc/dev/Quahag/6.10.2/mingw_64/lib/pkgconfig/Qt6Svg.pc
2026-05-09 11:25:05,105 - aqt.updater - INFO - updater 140037196980736 Patching /home/grcc/dev/Quahag/6.10.2/mingw_64/lib/pkgconfig/Qt6SvgWidgets.pc
2026-05-09 11:25:05,105 - aqt.updater - INFO - updater 140037196980736 Patching /home/grcc/dev/Quahag/6.10.2/mingw_64/lib/pkgconfig/Qt6Concurrent.pc
2026-05-09 11:25:05,105 - aqt.updater - INFO - updater 140037196980736 Patching /home/grcc/dev/Quahag/6.10.2/mingw_64/lib/pkgconfig/Qt6Core.pc
2026-05-09 11:25:05,105 - aqt.updater - INFO - updater 140037196980736 Patching /home/grcc/dev/Quahag/6.10.2/mingw_64/lib/pkgconfig/Qt6DBus.pc
2026-05-09 11:25:05,106 - aqt.updater - INFO - updater 140037196980736 Patching /home/grcc/dev/Quahag/6.10.2/mingw_64/lib/pkgconfig/Qt6Gui.pc
2026-05-09 11:25:05,106 - aqt.updater - INFO - updater 140037196980736 Patching /home/grcc/dev/Quahag/6.10.2/mingw_64/lib/pkgconfig/Qt6Network.pc
2026-05-09 11:25:05,106 - aqt.updater - INFO - updater 140037196980736 Patching /home/grcc/dev/Quahag/6.10.2/mingw_64/lib/pkgconfig/Qt6OpenGL.pc
2026-05-09 11:25:05,106 - aqt.updater - INFO - updater 140037196980736 Patching /home/grcc/dev/Quahag/6.10.2/mingw_64/lib/pkgconfig/Qt6OpenGLWidgets.pc
2026-05-09 11:25:05,106 - aqt.updater - INFO - updater 140037196980736 Patching /home/grcc/dev/Quahag/6.10.2/mingw_64/lib/pkgconfig/Qt6Platform.pc
2026-05-09 11:25:05,106 - aqt.updater - INFO - updater 140037196980736 Patching /home/grcc/dev/Quahag/6.10.2/mingw_64/lib/pkgconfig/Qt6PrintSupport.pc
2026-05-09 11:25:05,106 - aqt.updater - INFO - updater 140037196980736 Patching /home/grcc/dev/Quahag/6.10.2/mingw_64/lib/pkgconfig/Qt6Sql.pc
2026-05-09 11:25:05,107 - aqt.updater - INFO - updater 140037196980736 Patching /home/grcc/dev/Quahag/6.10.2/mingw_64/lib/pkgconfig/Qt6Test.pc
2026-05-09 11:25:05,107 - aqt.updater - INFO - updater 140037196980736 Patching /home/grcc/dev/Quahag/6.10.2/mingw_64/lib/pkgconfig/Qt6Widgets.pc
2026-05-09 11:25:05,107 - aqt.updater - INFO - updater 140037196980736 Patching /home/grcc/dev/Quahag/6.10.2/mingw_64/lib/pkgconfig/Qt6Xml.pc
2026-05-09 11:25:05,107 - aqt.updater - INFO - updater 140037196980736 Patching /home/grcc/dev/Quahag/6.10.2/mingw_64/lib/pkgconfig/Qt6Designer.pc
2026-05-09 11:25:05,107 - aqt.updater - INFO - updater 140037196980736 Patching /home/grcc/dev/Quahag/6.10.2/mingw_64/lib/pkgconfig/Qt6Help.pc
2026-05-09 11:25:05,107 - aqt.updater - INFO - updater 140037196980736 Patching /home/grcc/dev/Quahag/6.10.2/mingw_64/lib/pkgconfig/Qt6Linguist.pc
2026-05-09 11:25:05,107 - aqt.updater - INFO - updater 140037196980736 Patching /home/grcc/dev/Quahag/6.10.2/mingw_64/lib/pkgconfig/Qt6UiPlugin.pc
2026-05-09 11:25:05,108 - aqt.updater - INFO - updater 140037196980736 Patching /home/grcc/dev/Quahag/6.10.2/mingw_64/lib/pkgconfig/Qt6UiTools.pc
2026-05-09 11:25:05,108 - aqt.updater - INFO - updater 140037196980736 Patching /home/grcc/dev/Quahag/6.10.2/mingw_64/lib/pkgconfig/Qt6LabsAnimation.pc
2026-05-09 11:25:05,108 - aqt.updater - INFO - updater 140037196980736 Patching /home/grcc/dev/Quahag/6.10.2/mingw_64/lib/pkgconfig/Qt6LabsFolderListModel.pc
2026-05-09 11:25:05,108 - aqt.updater - INFO - updater 140037196980736 Patching /home/grcc/dev/Quahag/6.10.2/mingw_64/lib/pkgconfig/Qt6LabsPlatform.pc
2026-05-09 11:25:05,108 - aqt.updater - INFO - updater 140037196980736 Patching /home/grcc/dev/Quahag/6.10.2/mingw_64/lib/pkgconfig/Qt6LabsQmlModels.pc
2026-05-09 11:25:05,108 - aqt.updater - INFO - updater 140037196980736 Patching /home/grcc/dev/Quahag/6.10.2/mingw_64/lib/pkgconfig/Qt6LabsSettings.pc
2026-05-09 11:25:05,108 - aqt.updater - INFO - updater 140037196980736 Patching /home/grcc/dev/Quahag/6.10.2/mingw_64/lib/pkgconfig/Qt6LabsSharedImage.pc
2026-05-09 11:25:05,108 - aqt.updater - INFO - updater 140037196980736 Patching /home/grcc/dev/Quahag/6.10.2/mingw_64/lib/pkgconfig/Qt6LabsSynchronizer.pc
2026-05-09 11:25:05,108 - aqt.updater - INFO - updater 140037196980736 Patching /home/grcc/dev/Quahag/6.10.2/mingw_64/lib/pkgconfig/Qt6LabsWavefrontMesh.pc
2026-05-09 11:25:05,109 - aqt.updater - INFO - updater 140037196980736 Patching /home/grcc/dev/Quahag/6.10.2/mingw_64/lib/pkgconfig/Qt6Qml.pc
2026-05-09 11:25:05,109 - aqt.updater - INFO - updater 140037196980736 Patching /home/grcc/dev/Quahag/6.10.2/mingw_64/lib/pkgconfig/Qt6QmlAssetDownloader.pc
2026-05-09 11:25:05,109 - aqt.updater - INFO - updater 140037196980736 Patching /home/grcc/dev/Quahag/6.10.2/mingw_64/lib/pkgconfig/Qt6QmlCompiler.pc
2026-05-09 11:25:05,109 - aqt.updater - INFO - updater 140037196980736 Patching /home/grcc/dev/Quahag/6.10.2/mingw_64/lib/pkgconfig/Qt6QmlCore.pc
2026-05-09 11:25:05,109 - aqt.updater - INFO - updater 140037196980736 Patching /home/grcc/dev/Quahag/6.10.2/mingw_64/lib/pkgconfig/Qt6QmlIntegration.pc
2026-05-09 11:25:05,109 - aqt.updater - INFO - updater 140037196980736 Patching /home/grcc/dev/Quahag/6.10.2/mingw_64/lib/pkgconfig/Qt6QmlLocalStorage.pc
2026-05-09 11:25:05,109 - aqt.updater - INFO - updater 140037196980736 Patching /home/grcc/dev/Quahag/6.10.2/mingw_64/lib/pkgconfig/Qt6QmlMeta.pc
2026-05-09 11:25:05,109 - aqt.updater - INFO - updater 140037196980736 Patching /home/grcc/dev/Quahag/6.10.2/mingw_64/lib/pkgconfig/Qt6QmlModels.pc
2026-05-09 11:25:05,109 - aqt.updater - INFO - updater 140037196980736 Patching /home/grcc/dev/Quahag/6.10.2/mingw_64/lib/pkgconfig/Qt6QmlNetwork.pc
2026-05-09 11:25:05,110 - aqt.updater - INFO - updater 140037196980736 Patching /home/grcc/dev/Quahag/6.10.2/mingw_64/lib/pkgconfig/Qt6QmlWorkerScript.pc
2026-05-09 11:25:05,110 - aqt.updater - INFO - updater 140037196980736 Patching /home/grcc/dev/Quahag/6.10.2/mingw_64/lib/pkgconfig/Qt6QmlXmlListModel.pc
2026-05-09 11:25:05,110 - aqt.updater - INFO - updater 140037196980736 Patching /home/grcc/dev/Quahag/6.10.2/mingw_64/lib/pkgconfig/Qt6Quick.pc
2026-05-09 11:25:05,110 - aqt.updater - INFO - updater 140037196980736 Patching /home/grcc/dev/Quahag/6.10.2/mingw_64/lib/pkgconfig/Qt6QuickControls2.pc
2026-05-09 11:25:05,110 - aqt.updater - INFO - updater 140037196980736 Patching /home/grcc/dev/Quahag/6.10.2/mingw_64/lib/pkgconfig/Qt6QuickControls2Basic.pc
2026-05-09 11:25:05,110 - aqt.updater - INFO - updater 140037196980736 Patching /home/grcc/dev/Quahag/6.10.2/mingw_64/lib/pkgconfig/Qt6QuickControls2BasicStyleImpl.pc
2026-05-09 11:25:05,110 - aqt.updater - INFO - updater 140037196980736 Patching /home/grcc/dev/Quahag/6.10.2/mingw_64/lib/pkgconfig/Qt6QuickControls2FluentWinUI3StyleImpl.pc
2026-05-09 11:25:05,110 - aqt.updater - INFO - updater 140037196980736 Patching /home/grcc/dev/Quahag/6.10.2/mingw_64/lib/pkgconfig/Qt6QuickControls2Fusion.pc
2026-05-09 11:25:05,110 - aqt.updater - INFO - updater 140037196980736 Patching /home/grcc/dev/Quahag/6.10.2/mingw_64/lib/pkgconfig/Qt6QuickControls2FusionStyleImpl.pc
2026-05-09 11:25:05,111 - aqt.updater - INFO - updater 140037196980736 Patching /home/grcc/dev/Quahag/6.10.2/mingw_64/lib/pkgconfig/Qt6QuickControls2Imagine.pc
2026-05-09 11:25:05,111 - aqt.updater - INFO - updater 140037196980736 Patching /home/grcc/dev/Quahag/6.10.2/mingw_64/lib/pkgconfig/Qt6QuickControls2ImagineStyleImpl.pc
2026-05-09 11:25:05,111 - aqt.updater - INFO - updater 140037196980736 Patching /home/grcc/dev/Quahag/6.10.2/mingw_64/lib/pkgconfig/Qt6QuickControls2Impl.pc
2026-05-09 11:25:05,111 - aqt.updater - INFO - updater 140037196980736 Patching /home/grcc/dev/Quahag/6.10.2/mingw_64/lib/pkgconfig/Qt6QuickControls2Material.pc
2026-05-09 11:25:05,111 - aqt.updater - INFO - updater 140037196980736 Patching /home/grcc/dev/Quahag/6.10.2/mingw_64/lib/pkgconfig/Qt6QuickControls2MaterialStyleImpl.pc
2026-05-09 11:25:05,111 - aqt.updater - INFO - updater 140037196980736 Patching /home/grcc/dev/Quahag/6.10.2/mingw_64/lib/pkgconfig/Qt6QuickControls2Universal.pc
2026-05-09 11:25:05,111 - aqt.updater - INFO - updater 140037196980736 Patching /home/grcc/dev/Quahag/6.10.2/mingw_64/lib/pkgconfig/Qt6QuickControls2UniversalStyleImpl.pc
2026-05-09 11:25:05,111 - aqt.updater - INFO - updater 140037196980736 Patching /home/grcc/dev/Quahag/6.10.2/mingw_64/lib/pkgconfig/Qt6QuickControls2WindowsStyleImpl.pc
2026-05-09 11:25:05,112 - aqt.updater - INFO - updater 140037196980736 Patching /home/grcc/dev/Quahag/6.10.2/mingw_64/lib/pkgconfig/Qt6QuickDialogs2.pc
2026-05-09 11:25:05,112 - aqt.updater - INFO - updater 140037196980736 Patching /home/grcc/dev/Quahag/6.10.2/mingw_64/lib/pkgconfig/Qt6QuickDialogs2QuickImpl.pc
2026-05-09 11:25:05,112 - aqt.updater - INFO - updater 140037196980736 Patching /home/grcc/dev/Quahag/6.10.2/mingw_64/lib/pkgconfig/Qt6QuickDialogs2Utils.pc
2026-05-09 11:25:05,112 - aqt.updater - INFO - updater 140037196980736 Patching /home/grcc/dev/Quahag/6.10.2/mingw_64/lib/pkgconfig/Qt6QuickEffects.pc
2026-05-09 11:25:05,112 - aqt.updater - INFO - updater 140037196980736 Patching /home/grcc/dev/Quahag/6.10.2/mingw_64/lib/pkgconfig/Qt6QuickLayouts.pc
2026-05-09 11:25:05,112 - aqt.updater - INFO - updater 140037196980736 Patching /home/grcc/dev/Quahag/6.10.2/mingw_64/lib/pkgconfig/Qt6QuickTemplates2.pc
2026-05-09 11:25:05,112 - aqt.updater - INFO - updater 140037196980736 Patching /home/grcc/dev/Quahag/6.10.2/mingw_64/lib/pkgconfig/Qt6QuickTest.pc
2026-05-09 11:25:05,112 - aqt.updater - INFO - updater 140037196980736 Patching /home/grcc/dev/Quahag/6.10.2/mingw_64/lib/pkgconfig/Qt6QuickVectorImage.pc
2026-05-09 11:25:05,113 - aqt.updater - INFO - updater 140037196980736 Patching /home/grcc/dev/Quahag/6.10.2/mingw_64/lib/pkgconfig/Qt6QuickVectorImageHelpers.pc
2026-05-09 11:25:05,113 - aqt.updater - INFO - updater 140037196980736 Patching /home/grcc/dev/Quahag/6.10.2/mingw_64/lib/pkgconfig/Qt6QuickWidgets.pc
2026-05-09 11:25:05,113 - aqt.updater - INFO - updater 140037196980736 Patching /home/grcc/dev/Quahag/6.10.2/mingw_64/lib/Qt6Svg.prl
2026-05-09 11:25:05,113 - aqt.updater - INFO - updater 140037196980736 Patching /home/grcc/dev/Quahag/6.10.2/mingw_64/lib/Qt6SvgWidgets.prl
2026-05-09 11:25:05,113 - aqt.updater - INFO - updater 140037196980736 Patching /home/grcc/dev/Quahag/6.10.2/mingw_64/lib/Qt6Concurrent.prl
2026-05-09 11:25:05,114 - aqt.updater - INFO - updater 140037196980736 Patching /home/grcc/dev/Quahag/6.10.2/mingw_64/lib/Qt6Core.prl
2026-05-09 11:25:05,114 - aqt.updater - INFO - updater 140037196980736 Patching /home/grcc/dev/Quahag/6.10.2/mingw_64/lib/Qt6DBus.prl
2026-05-09 11:25:05,114 - aqt.updater - INFO - updater 140037196980736 Patching /home/grcc/dev/Quahag/6.10.2/mingw_64/lib/Qt6DeviceDiscoverySupport.prl
2026-05-09 11:25:05,114 - aqt.updater - INFO - updater 140037196980736 Patching /home/grcc/dev/Quahag/6.10.2/mingw_64/lib/Qt6EntryPoint.prl
2026-05-09 11:25:05,114 - aqt.updater - INFO - updater 140037196980736 Patching /home/grcc/dev/Quahag/6.10.2/mingw_64/lib/Qt6ExampleIcons.prl
2026-05-09 11:25:05,114 - aqt.updater - INFO - updater 140037196980736 Patching /home/grcc/dev/Quahag/6.10.2/mingw_64/lib/Qt6ExamplesAssetDownloader.prl
2026-05-09 11:25:05,114 - aqt.updater - INFO - updater 140037196980736 Patching /home/grcc/dev/Quahag/6.10.2/mingw_64/lib/Qt6FbSupport.prl
2026-05-09 11:25:05,114 - aqt.updater - INFO - updater 140037196980736 Patching /home/grcc/dev/Quahag/6.10.2/mingw_64/lib/Qt6Gui.prl
2026-05-09 11:25:05,114 - aqt.updater - INFO - updater 140037196980736 Patching /home/grcc/dev/Quahag/6.10.2/mingw_64/lib/Qt6Network.prl
2026-05-09 11:25:05,115 - aqt.updater - INFO - updater 140037196980736 Patching /home/grcc/dev/Quahag/6.10.2/mingw_64/lib/Qt6OpenGL.prl
2026-05-09 11:25:05,115 - aqt.updater - INFO - updater 140037196980736 Patching /home/grcc/dev/Quahag/6.10.2/mingw_64/lib/Qt6OpenGLWidgets.prl
2026-05-09 11:25:05,115 - aqt.updater - INFO - updater 140037196980736 Patching /home/grcc/dev/Quahag/6.10.2/mingw_64/lib/Qt6PrintSupport.prl
2026-05-09 11:25:05,115 - aqt.updater - INFO - updater 140037196980736 Patching /home/grcc/dev/Quahag/6.10.2/mingw_64/lib/Qt6Sql.prl
2026-05-09 11:25:05,115 - aqt.updater - INFO - updater 140037196980736 Patching /home/grcc/dev/Quahag/6.10.2/mingw_64/lib/Qt6Test.prl
2026-05-09 11:25:05,115 - aqt.updater - INFO - updater 140037196980736 Patching /home/grcc/dev/Quahag/6.10.2/mingw_64/lib/Qt6Widgets.prl
2026-05-09 11:25:05,115 - aqt.updater - INFO - updater 140037196980736 Patching /home/grcc/dev/Quahag/6.10.2/mingw_64/lib/Qt6Xml.prl
2026-05-09 11:25:05,115 - aqt.updater - INFO - updater 140037196980736 Patching /home/grcc/dev/Quahag/6.10.2/mingw_64/lib/Qt6Designer.prl
2026-05-09 11:25:05,115 - aqt.updater - INFO - updater 140037196980736 Patching /home/grcc/dev/Quahag/6.10.2/mingw_64/lib/Qt6DesignerComponents.prl
2026-05-09 11:25:05,116 - aqt.updater - INFO - updater 140037196980736 Patching /home/grcc/dev/Quahag/6.10.2/mingw_64/lib/Qt6Help.prl
2026-05-09 11:25:05,116 - aqt.updater - INFO - updater 140037196980736 Patching /home/grcc/dev/Quahag/6.10.2/mingw_64/lib/Qt6UiTools.prl
2026-05-09 11:25:05,116 - aqt.updater - INFO - updater 140037196980736 Patching /home/grcc/dev/Quahag/6.10.2/mingw_64/lib/Qt6LabsAnimation.prl
2026-05-09 11:25:05,116 - aqt.updater - INFO - updater 140037196980736 Patching /home/grcc/dev/Quahag/6.10.2/mingw_64/lib/Qt6LabsFolderListModel.prl
2026-05-09 11:25:05,116 - aqt.updater - INFO - updater 140037196980736 Patching /home/grcc/dev/Quahag/6.10.2/mingw_64/lib/Qt6LabsPlatform.prl
2026-05-09 11:25:05,116 - aqt.updater - INFO - updater 140037196980736 Patching /home/grcc/dev/Quahag/6.10.2/mingw_64/lib/Qt6LabsQmlModels.prl
2026-05-09 11:25:05,116 - aqt.updater - INFO - updater 140037196980736 Patching /home/grcc/dev/Quahag/6.10.2/mingw_64/lib/Qt6LabsSettings.prl
2026-05-09 11:25:05,116 - aqt.updater - INFO - updater 140037196980736 Patching /home/grcc/dev/Quahag/6.10.2/mingw_64/lib/Qt6LabsSharedImage.prl
2026-05-09 11:25:05,117 - aqt.updater - INFO - updater 140037196980736 Patching /home/grcc/dev/Quahag/6.10.2/mingw_64/lib/Qt6LabsSynchronizer.prl
2026-05-09 11:25:05,117 - aqt.updater - INFO - updater 140037196980736 Patching /home/grcc/dev/Quahag/6.10.2/mingw_64/lib/Qt6LabsWavefrontMesh.prl
2026-05-09 11:25:05,117 - aqt.updater - INFO - updater 140037196980736 Patching /home/grcc/dev/Quahag/6.10.2/mingw_64/lib/Qt6PacketProtocol.prl
2026-05-09 11:25:05,117 - aqt.updater - INFO - updater 140037196980736 Patching /home/grcc/dev/Quahag/6.10.2/mingw_64/lib/Qt6Qml.prl
2026-05-09 11:25:05,117 - aqt.updater - INFO - updater 140037196980736 Patching /home/grcc/dev/Quahag/6.10.2/mingw_64/lib/Qt6QmlAssetDownloader.prl
2026-05-09 11:25:05,117 - aqt.updater - INFO - updater 140037196980736 Patching /home/grcc/dev/Quahag/6.10.2/mingw_64/lib/Qt6QmlCompiler.prl
2026-05-09 11:25:05,117 - aqt.updater - INFO - updater 140037196980736 Patching /home/grcc/dev/Quahag/6.10.2/mingw_64/lib/Qt6QmlCore.prl
2026-05-09 11:25:05,117 - aqt.updater - INFO - updater 140037196980736 Patching /home/grcc/dev/Quahag/6.10.2/mingw_64/lib/Qt6QmlDebug.prl
2026-05-09 11:25:05,118 - aqt.updater - INFO - updater 140037196980736 Patching /home/grcc/dev/Quahag/6.10.2/mingw_64/lib/Qt6QmlDom.prl
2026-05-09 11:25:05,118 - aqt.updater - INFO - updater 140037196980736 Patching /home/grcc/dev/Quahag/6.10.2/mingw_64/lib/Qt6QmlFormat.prl
2026-05-09 11:25:05,118 - aqt.updater - INFO - updater 140037196980736 Patching /home/grcc/dev/Quahag/6.10.2/mingw_64/lib/Qt6QmlLS.prl
2026-05-09 11:25:05,118 - aqt.updater - INFO - updater 140037196980736 Patching /home/grcc/dev/Quahag/6.10.2/mingw_64/lib/Qt6QmlLocalStorage.prl
2026-05-09 11:25:05,118 - aqt.updater - INFO - updater 140037196980736 Patching /home/grcc/dev/Quahag/6.10.2/mingw_64/lib/Qt6QmlMeta.prl
2026-05-09 11:25:05,118 - aqt.updater - INFO - updater 140037196980736 Patching /home/grcc/dev/Quahag/6.10.2/mingw_64/lib/Qt6QmlModels.prl
2026-05-09 11:25:05,118 - aqt.updater - INFO - updater 140037196980736 Patching /home/grcc/dev/Quahag/6.10.2/mingw_64/lib/Qt6QmlNetwork.prl
2026-05-09 11:25:05,119 - aqt.updater - INFO - updater 140037196980736 Patching /home/grcc/dev/Quahag/6.10.2/mingw_64/lib/Qt6QmlToolingSettings.prl
2026-05-09 11:25:05,119 - aqt.updater - INFO - updater 140037196980736 Patching /home/grcc/dev/Quahag/6.10.2/mingw_64/lib/Qt6QmlTypeRegistrar.prl
2026-05-09 11:25:05,119 - aqt.updater - INFO - updater 140037196980736 Patching /home/grcc/dev/Quahag/6.10.2/mingw_64/lib/Qt6QmlWorkerScript.prl
2026-05-09 11:25:05,119 - aqt.updater - INFO - updater 140037196980736 Patching /home/grcc/dev/Quahag/6.10.2/mingw_64/lib/Qt6QmlXmlListModel.prl
2026-05-09 11:25:05,119 - aqt.updater - INFO - updater 140037196980736 Patching /home/grcc/dev/Quahag/6.10.2/mingw_64/lib/Qt6Quick.prl
2026-05-09 11:25:05,119 - aqt.updater - INFO - updater 140037196980736 Patching /home/grcc/dev/Quahag/6.10.2/mingw_64/lib/Qt6QuickControls2.prl
2026-05-09 11:25:05,119 - aqt.updater - INFO - updater 140037196980736 Patching /home/grcc/dev/Quahag/6.10.2/mingw_64/lib/Qt6QuickControls2Basic.prl
2026-05-09 11:25:05,120 - aqt.updater - INFO - updater 140037196980736 Patching /home/grcc/dev/Quahag/6.10.2/mingw_64/lib/Qt6QuickControls2BasicStyleImpl.prl
2026-05-09 11:25:05,120 - aqt.updater - INFO - updater 140037196980736 Patching /home/grcc/dev/Quahag/6.10.2/mingw_64/lib/Qt6QuickControls2FluentWinUI3StyleImpl.prl
2026-05-09 11:25:05,120 - aqt.updater - INFO - updater 140037196980736 Patching /home/grcc/dev/Quahag/6.10.2/mingw_64/lib/Qt6QuickControls2Fusion.prl
2026-05-09 11:25:05,120 - aqt.updater - INFO - updater 140037196980736 Patching /home/grcc/dev/Quahag/6.10.2/mingw_64/lib/Qt6QuickControls2FusionStyleImpl.prl
2026-05-09 11:25:05,120 - aqt.updater - INFO - updater 140037196980736 Patching /home/grcc/dev/Quahag/6.10.2/mingw_64/lib/Qt6QuickControls2Imagine.prl
2026-05-09 11:25:05,120 - aqt.updater - INFO - updater 140037196980736 Patching /home/grcc/dev/Quahag/6.10.2/mingw_64/lib/Qt6QuickControls2ImagineStyleImpl.prl
2026-05-09 11:25:05,120 - aqt.updater - INFO - updater 140037196980736 Patching /home/grcc/dev/Quahag/6.10.2/mingw_64/lib/Qt6QuickControls2Impl.prl
2026-05-09 11:25:05,120 - aqt.updater - INFO - updater 140037196980736 Patching /home/grcc/dev/Quahag/6.10.2/mingw_64/lib/Qt6QuickControls2Material.prl
2026-05-09 11:25:05,121 - aqt.updater - INFO - updater 140037196980736 Patching /home/grcc/dev/Quahag/6.10.2/mingw_64/lib/Qt6QuickControls2MaterialStyleImpl.prl
2026-05-09 11:25:05,121 - aqt.updater - INFO - updater 140037196980736 Patching /home/grcc/dev/Quahag/6.10.2/mingw_64/lib/Qt6QuickControls2Universal.prl
2026-05-09 11:25:05,121 - aqt.updater - INFO - updater 140037196980736 Patching /home/grcc/dev/Quahag/6.10.2/mingw_64/lib/Qt6QuickControls2UniversalStyleImpl.prl
2026-05-09 11:25:05,121 - aqt.updater - INFO - updater 140037196980736 Patching /home/grcc/dev/Quahag/6.10.2/mingw_64/lib/Qt6QuickControls2WindowsStyleImpl.prl
2026-05-09 11:25:05,121 - aqt.updater - INFO - updater 140037196980736 Patching /home/grcc/dev/Quahag/6.10.2/mingw_64/lib/Qt6QuickControlsTestUtils.prl
2026-05-09 11:25:05,121 - aqt.updater - INFO - updater 140037196980736 Patching /home/grcc/dev/Quahag/6.10.2/mingw_64/lib/Qt6QuickDialogs2.prl
2026-05-09 11:25:05,121 - aqt.updater - INFO - updater 140037196980736 Patching /home/grcc/dev/Quahag/6.10.2/mingw_64/lib/Qt6QuickDialogs2QuickImpl.prl
2026-05-09 11:25:05,121 - aqt.updater - INFO - updater 140037196980736 Patching /home/grcc/dev/Quahag/6.10.2/mingw_64/lib/Qt6QuickDialogs2Utils.prl
2026-05-09 11:25:05,122 - aqt.updater - INFO - updater 140037196980736 Patching /home/grcc/dev/Quahag/6.10.2/mingw_64/lib/Qt6QuickEffects.prl
2026-05-09 11:25:05,122 - aqt.updater - INFO - updater 140037196980736 Patching /home/grcc/dev/Quahag/6.10.2/mingw_64/lib/Qt6QuickLayouts.prl
2026-05-09 11:25:05,122 - aqt.updater - INFO - updater 140037196980736 Patching /home/grcc/dev/Quahag/6.10.2/mingw_64/lib/Qt6QuickParticles.prl
2026-05-09 11:25:05,122 - aqt.updater - INFO - updater 140037196980736 Patching /home/grcc/dev/Quahag/6.10.2/mingw_64/lib/Qt6QuickShapes.prl
2026-05-09 11:25:05,122 - aqt.updater - INFO - updater 140037196980736 Patching /home/grcc/dev/Quahag/6.10.2/mingw_64/lib/Qt6QuickShapesDesignHelpers.prl
2026-05-09 11:25:05,122 - aqt.updater - INFO - updater 140037196980736 Patching /home/grcc/dev/Quahag/6.10.2/mingw_64/lib/Qt6QuickTemplates2.prl
2026-05-09 11:25:05,122 - aqt.updater - INFO - updater 140037196980736 Patching /home/grcc/dev/Quahag/6.10.2/mingw_64/lib/Qt6QuickTest.prl
2026-05-09 11:25:05,122 - aqt.updater - INFO - updater 140037196980736 Patching /home/grcc/dev/Quahag/6.10.2/mingw_64/lib/Qt6QuickTestUtils.prl
2026-05-09 11:25:05,122 - aqt.updater - INFO - updater 140037196980736 Patching /home/grcc/dev/Quahag/6.10.2/mingw_64/lib/Qt6QuickVectorImage.prl
2026-05-09 11:25:05,123 - aqt.updater - INFO - updater 140037196980736 Patching /home/grcc/dev/Quahag/6.10.2/mingw_64/lib/Qt6QuickVectorImageGenerator.prl
2026-05-09 11:25:05,123 - aqt.updater - INFO - updater 140037196980736 Patching /home/grcc/dev/Quahag/6.10.2/mingw_64/lib/Qt6QuickVectorImageHelpers.prl
2026-05-09 11:25:05,123 - aqt.updater - INFO - updater 140037196980736 Patching /home/grcc/dev/Quahag/6.10.2/mingw_64/lib/Qt6QuickWidgets.prl
2026-05-09 11:25:05,123 - aqt.main - INFO - installer 140037196980736 Finished installation
2026-05-09 11:25:05,123 - aqt.main - INFO - installer 140037196980736 Time elapsed: 41.89359714 second
